gulp-cli/test
├── build
├── clean
└─┬ dist
  └─┬ <series>
    ├── clean
    └── build
